// Jest Snapshot v1, https://goo.gl/fbAQLP

exports[`Should render Cart component correctly 1`] = `
<div
  className="cart content-container"
>
  <Connect(CartList) />
  <Connect(CartTotal) />
</div>
`;
