// Jest Snapshot v1, https://goo.gl/fbAQLP

exports[`Should render home page correctly 1`] = `
<div>
  <Connect(SearchBar) />
  <Connect(BookList) />
</div>
`;
