// Jest Snapshot v1, https://goo.gl/fbAQLP

exports[`Should render cart page correctly 1`] = `<Cart />`;
